###############################################################################
#
# IAR ELF Linker V8.50.6.265/W32 for ARM                  13/Mar/2021  12:46:06
# Copyright 2007-2020 IAR Systems AB.
#
#    Output file  =
#        F:\Embeded Study\HungBX_MCP_MOCK\project\Debug\Exe\MOCK_Project.out
#    Map file     =
#        F:\Embeded Study\HungBX_MCP_MOCK\project\Debug\List\MOCK_Project.map
#    Command line =
#        -f C:\Users\hunga\AppData\Local\Temp\EW4A4D.tmp ("F:\Embeded
#        Study\HungBX_MCP_MOCK\project\Debug\Obj\clock.o" "F:\Embeded
#        Study\HungBX_MCP_MOCK\project\Debug\Obj\DRIVER_core.o" "F:\Embeded
#        Study\HungBX_MCP_MOCK\project\Debug\Obj\DRIVER_gpio.o" "F:\Embeded
#        Study\HungBX_MCP_MOCK\project\Debug\Obj\DRIVER_i2c.o" "F:\Embeded
#        Study\HungBX_MCP_MOCK\project\Debug\Obj\DRIVER_keyboard.o" "F:\Embeded
#        Study\HungBX_MCP_MOCK\project\Debug\Obj\HAL_gpio.o" "F:\Embeded
#        Study\HungBX_MCP_MOCK\project\Debug\Obj\HAL_i2c.o" "F:\Embeded
#        Study\HungBX_MCP_MOCK\project\Debug\Obj\HAL_port.o" "F:\Embeded
#        Study\HungBX_MCP_MOCK\project\Debug\Obj\lcd.o" "F:\Embeded
#        Study\HungBX_MCP_MOCK\project\Debug\Obj\main.o" "F:\Embeded
#        Study\HungBX_MCP_MOCK\project\Debug\Obj\startup_MKL46Z4.o" "F:\Embeded
#        Study\HungBX_MCP_MOCK\project\Debug\Obj\stateMachine.o" "F:\Embeded
#        Study\HungBX_MCP_MOCK\project\Debug\Obj\system_MKL46Z4.o" "F:\Embeded
#        Study\HungBX_MCP_MOCK\project\Debug\Obj\tea5767.o" --no_out_extension
#        -o "F:\Embeded
#        Study\HungBX_MCP_MOCK\project\Debug\Exe\MOCK_Project.out" --map
#        "F:\Embeded Study\HungBX_MCP_MOCK\project\Debug\List\MOCK_Project.map"
#        --config D:\iar\arm\config\linker\NXP\MKL46Z256xxx4.icf --semihosting
#        --entry __iar_program_start --vfe --text_out locale)
#
###############################################################################

*******************************************************************************
*** RUNTIME MODEL ATTRIBUTES
***

CppFlavor       = *
__SystemLibrary = DLib
__dlib_version  = 6


*******************************************************************************
*** HEAP SELECTION
***

The basic heap was selected because some modules are built with
size limitations (and not runtime checking), and --advanced_heap
was not specified.


*******************************************************************************
*** PLACEMENT SUMMARY
***

"A0":  place at address 0x0 { ro section .intvec };
"P1":  place in [from 0x0 to 0x3ff] |
                [from 0x410 to 0x3'ffff] { ro };
define block CSTACK with size = 2K, alignment = 8 { };
define block HEAP with size = 4K, alignment = 8 { };
"P3":  place in [from 0x1fff'e000 to 0x1fff'ffff] |
                [from 0x2000'0000 to 0x2000'5fff] {
          rw, block CSTACK, block HEAP };
"P5":  place in [from 0x400 to 0x40f] { section FlashConfig };

No sections matched the following patterns:

  ro section application_specific_ro  in "P2|P4"
  rw section application_specific_rw  in "P2|P4"


  Section          Kind         Address    Size  Object
  -------          ----         -------    ----  ------
"A0":                                      0xc0
  .intvec          ro code          0x0    0xc0  startup_MKL46Z4.o [1]
                                 - 0xc0    0xc0

"P1", part 1 of 2:                        0x1ea
  .text            ro code         0xc0    0x24  ABIassert.o [5]
  .text            ro code         0xe4     0xa  abort.o [2]
  .text            ro code         0xee     0x2  startup_MKL46Z4.o [1]
  .text            ro code         0xf0    0x14  exit.o [5]
  .text            ro code        0x104    0x52  ABImemset.o [4]
  .text            ro code        0x156     0x2  startup_MKL46Z4.o [1]
  .text            ro code        0x158    0x4c  clock.o [1]
  .text            ro code        0x1a4    0x1e  DRIVER_core.o [1]
  .text            ro code        0x1c2     0x2  startup_MKL46Z4.o [1]
  .text            ro code        0x1c4    0x94  DRIVER_keyboard.o [1]
  .text            ro code        0x258    0x1e  DRIVER_i2c.o [1]
  .text            ro code        0x276     0x2  startup_MKL46Z4.o [1]
  .text            ro code        0x278    0x32  FltToDbl.o [3]
                                - 0x2aa   0x1ea

"P5":                                      0x10
  FlashConfig      ro code        0x400    0x10  startup_MKL46Z4.o [1]
                                - 0x410    0x10

"P1", part 2 of 2:                       0x15d4
  .text            ro code        0x410   0x3cc  HAL_port.o [1]
  .text            ro code        0x7dc   0x2cc  main.o [1]
  .text            ro code        0xaa8    0xd0  tea5767.o [1]
  .text            ro code        0xb78    0x60  stateMachine.o [1]
  .text            ro code        0xbd8   0x21c  lcd.o [1]
  .text            ro code        0xdf4   0x1a8  DblAddSub.o [3]
  .text            ro code        0xf9c    0x62  DblToFlt.o [3]
  .text            ro code       0x1000    0x26  FltCmpLe.o [3]
  .text            ro code       0x1026     0x2  startup_MKL46Z4.o [1]
  .text            ro code       0x1028    0x28  FltCmpGe.o [3]
  .text            ro code       0x1050    0x62  DRIVER_gpio.o [1]
  .text            ro code       0x10b4   0x212  HAL_i2c.o [1]
  .text            ro code       0x12c6    0xb0  FltMul.o [3]
  .text            ro code       0x1376   0x120  FltAddSub.o [3]
  .text            ro code       0x1496    0xaa  FltDiv.o [3]
  .text            ro code       0x1540    0x26  FltToU32.o [3]
  .text            ro code       0x1566    0x14  memset.o [4]
  .text            ro code       0x157a    0xae  I32DivModFast.o [4]
  .text            ro code       0x1628    0x4c  HAL_gpio.o [1]
  .text            ro code       0x1674     0x2  IntDivZer.o [4]
  .rodata          const         0x1678    0xc8  HAL_i2c.o [1]
  .rodata          const         0x1740    0x44  HAL_gpio.o [1]
  .rodata          const         0x1784    0x44  HAL_port.o [1]
  .text            ro code       0x17c8    0x3c  zero_init3.o [4]
  .text            ro code       0x1804    0x28  data_init.o [4]
  .text            ro code       0x182c    0x24  startup_MKL46Z4.o [1]
  .iar.init_table  const         0x1850    0x10  - Linker created -
  .text            ro code       0x1860    0x1e  cmain.o [4]
  .text            ro code       0x187e     0x4  low_level_init.o [2]
  .text            ro code       0x1882     0x8  exit.o [2]
  .text            ro code       0x188c     0xa  cexit.o [4]
  .rodata          const         0x1898    0x14  lcd.o [1]
  .rodata          const         0x18ac    0x14  lcd.o [1]
  .rodata          const         0x18c0    0x14  lcd.o [1]
  .rodata          const         0x18d4    0x14  lcd.o [1]
  .rodata          const         0x18e8    0x14  main.o [1]
  .rodata          const         0x18fc    0x10  lcd.o [1]
  .rodata          const         0x190c    0x10  lcd.o [1]
  .rodata          const         0x191c    0x10  lcd.o [1]
  .rodata          const         0x192c     0xc  HAL_gpio.o [1]
  .rodata          const         0x1938     0xc  HAL_port.o [1]
  .rodata          const         0x1944     0xc  lcd.o [1]
  .rodata          const         0x1950     0xc  lcd.o [1]
  .text            ro code       0x195c     0xc  system_MKL46Z4.o [1]
  .text            ro code       0x1968     0xc  cstartup_M.o [4]
  .rodata          const         0x1974     0x8  lcd.o [1]
  .text            ro code       0x197c     0x8  startup_MKL46Z4.o [1]
  .text            ro code       0x1984     0x8  startup_MKL46Z4.o [1]
  .text            ro code       0x198c     0x8  startup_MKL46Z4.o [1]
  .text            ro code       0x1994     0x8  startup_MKL46Z4.o [1]
  .text            ro code       0x199c     0x8  startup_MKL46Z4.o [1]
  .text            ro code       0x19a4     0x8  startup_MKL46Z4.o [1]
  .text            ro code       0x19ac     0x8  startup_MKL46Z4.o [1]
  .text            ro code       0x19b4     0x8  startup_MKL46Z4.o [1]
  .text            ro code       0x19bc     0x8  startup_MKL46Z4.o [1]
  .text            ro code       0x19c4     0x8  startup_MKL46Z4.o [1]
  .text            ro code       0x19cc     0x8  startup_MKL46Z4.o [1]
  .text            ro code       0x19d4     0x8  startup_MKL46Z4.o [1]
  .text            ro code       0x19dc     0x8  startup_MKL46Z4.o [1]
  .rodata          const         0x19e4     0x0  zero_init3.o [4]
                               - 0x19e4  0x15d4

"P3", part 1 of 2:                          0xc
  .bss             zero     0x1fff'e000     0x8  main.o [1]
  .bss             zero     0x1fff'e008     0x1  main.o [1]
                          - 0x1fff'e009     0x9

"P3", part 2 of 2:                        0x800
  CSTACK                    0x1fff'e010   0x800  <Block>
    CSTACK         uninit   0x1fff'e010   0x800  <Block tail>
                          - 0x1fff'e810   0x800

Unused ranges:

         From           To      Size
         ----           --      ----
        0x2aa        0x3ff     0x156
       0x19e4     0x3'ffff  0x3'e61c
  0x1fff'e00c  0x1fff'e00f       0x4
  0x1fff'e810  0x1fff'ffff    0x17f0
  0x2000'0000  0x2000'5fff    0x6000


*******************************************************************************
*** INIT TABLE
***

          Address      Size
          -------      ----
Zero (__iar_zero_init3)
    1 destination range, total size 0x9:
          0x1fff'e000   0x9



*******************************************************************************
*** MODULE SUMMARY
***

    Module             ro code  ro data  rw data
    ------             -------  -------  -------
command line/config:
    --------------------------------------------
    Total:

F:\Embeded Study\HungBX_MCP_MOCK\project\Debug\Obj: [1]
    DRIVER_core.o           30
    DRIVER_gpio.o           98
    DRIVER_i2c.o            30
    DRIVER_keyboard.o      148
    HAL_gpio.o              76       80
    HAL_i2c.o              530      200
    HAL_port.o             972       80
    clock.o                 76
    lcd.o                  540      160
    main.o                 716       20        9
    startup_MKL46Z4.o      358
    stateMachine.o          96
    system_MKL46Z4.o        12
    tea5767.o              208
    --------------------------------------------
    Total:               3'890      540        9

dl6M_tln.a: [2]
    abort.o                 10
    exit.o                   8
    low_level_init.o         4
    --------------------------------------------
    Total:                  22

m6M_tl.a: [3]
    DblAddSub.o            424
    DblToFlt.o              98
    FltAddSub.o            288
    FltCmpGe.o              40
    FltCmpLe.o              38
    FltDiv.o               170
    FltMul.o               176
    FltToDbl.o              50
    FltToU32.o              38
    --------------------------------------------
    Total:               1'322

rt6M_tl.a: [4]
    ABImemset.o             82
    I32DivModFast.o        174
    IntDivZer.o              2
    cexit.o                 10
    cmain.o                 30
    cstartup_M.o            12
    data_init.o             40
    memset.o                20
    zero_init3.o            60
    --------------------------------------------
    Total:                 430

shb_l.a: [5]
    ABIassert.o             36
    exit.o                  20
    --------------------------------------------
    Total:                  56

    Gaps                     6        4
    Linker created                   16    2'048
------------------------------------------------
    Grand Total:         5'726      560    2'057


*******************************************************************************
*** ENTRY LIST
***

Entry                       Address   Size  Type      Object
-----                       -------   ----  ----      ------
.iar.init_table$$Base        0x1850          --   Gb  - Linker created -
.iar.init_table$$Limit       0x1860          --   Gb  - Linker created -
?main                        0x1861         Code  Gb  cmain.o [4]
CSTACK$$Base            0x1fff'e010          --   Gb  - Linker created -
CSTACK$$Limit           0x1fff'e810          --   Gb  - Linker created -
DRV_Delay                     0xbd9   0x14  Code  Gb  lcd.o [1]
DRV_EnableInterrupt           0x1b9    0xa  Code  Gb  DRIVER_core.o [1]
DRV_GetInterruptFlag         0x10a9    0xa  Code  Gb  DRIVER_gpio.o [1]
DRV_I2Cx_InitMaster           0x259    0xa  Code  Gb  DRIVER_i2c.o [1]
DRV_I2Cx_MasterReceiveData
                              0x26d    0xa  Code  Gb  DRIVER_i2c.o [1]
DRV_I2Cx_MasterSendData
                              0x263    0xa  Code  Gb  DRIVER_i2c.o [1]
DRV_InitGPIO_Input           0x1051   0x4e  Code  Gb  DRIVER_gpio.o [1]
DRV_PORT_ClearInterruptFlag
                             0x109f    0xa  Code  Gb  DRIVER_gpio.o [1]
EnableClockPort               0x411   0x5e  Code  Gb  HAL_port.o [1]
HAL_GPIO_SetDirection        0x1629   0x42  Code  Gb  HAL_gpio.o [1]
HAL_I2C_Enable               0x10e5    0xa  Code  Lc  HAL_i2c.o [1]
HAL_I2C_GetAck               0x120f   0x10  Code  Gb  HAL_i2c.o [1]
HAL_I2C_SetDirMode           0x10ef   0x1c  Code  Gb  HAL_i2c.o [1]
HAL_I2C_SetupPort            0x10c5   0x20  Code  Lc  HAL_i2c.o [1]
HAL_I2Cx_InitMaster          0x1197   0x2c  Code  Gb  HAL_i2c.o [1]
HAL_I2Cx_MasterReceiveData
                             0x1279   0x4e  Code  Gb  HAL_i2c.o [1]
HAL_I2Cx_MasterSendData
                             0x1235   0x44  Code  Gb  HAL_i2c.o [1]
HAL_I2Cx_ReadData            0x1231    0x4  Code  Gb  HAL_i2c.o [1]
HAL_I2Cx_Start               0x11d9   0x24  Code  Gb  HAL_i2c.o [1]
HAL_I2Cx_Stop                0x11fd   0x12  Code  Gb  HAL_i2c.o [1]
HAL_I2Cx_WriteData           0x121f   0x12  Code  Gb  HAL_i2c.o [1]
HAL_PORT_ClearPinIntFlag
                              0x775   0x46  Code  Gb  HAL_port.o [1]
HAL_PORT_GetPortIntFlag
                              0x7cd   0x10  Code  Gb  HAL_port.o [1]
HAL_PORT_PullEnable           0x4c3   0x54  Code  Gb  HAL_port.o [1]
HAL_PORT_SetMuxMode           0x517  0x10c  Code  Gb  HAL_port.o [1]
HAL_PORT_SetPinIntMode        0x63d  0x130  Code  Gb  HAL_port.o [1]
HAL_PORT_SetPullMode          0x46f   0x54  Code  Gb  HAL_port.o [1]
HAL_SetBaurate               0x110b   0x8c  Code  Lc  HAL_i2c.o [1]
I2CDividerTable              0x1678   0xc8  Data  Lc  HAL_i2c.o [1]
Init_Keypad                   0x1c5   0x94  Code  Gb  DRIVER_keyboard.o [1]
LCD_Init                      0xbed   0x34  Code  Gb  lcd.o [1]
LCD_Main_Screen               0xcb1   0x1c  Code  Gb  lcd.o [1]
LCD_RunFreqSelected_Screen
                              0xd91   0x2a  Code  Gb  lcd.o [1]
LCD_Search_Screen             0xce9   0x1c  Code  Gb  lcd.o [1]
LCD_SelectChannelScreen
                              0xd05   0x2a  Code  Gb  lcd.o [1]
LCD_Send_CMD                  0xc21   0x30  Code  Gb  lcd.o [1]
LCD_Send_Data                 0xc51   0x30  Code  Gb  lcd.o [1]
LCD_Send_String               0xc81   0x16  Code  Gb  lcd.o [1]
LCD_Setup_Screen              0xccd   0x1c  Code  Gb  lcd.o [1]
LCD_goto_XY                   0xc97   0x1a  Code  Gb  lcd.o [1]
LCD_tranDataFreq              0xd2f   0x62  Code  Gb  lcd.o [1]
NVIC_EnableIRQ                0x1a5    0xe  Code  Lc  DRIVER_core.o [1]
PORTC_PORTD_IRQHandler        0xa0d   0x6e  Code  Gb  main.o [1]
Region$$Table$$Base          0x1850          --   Gb  - Linker created -
Region$$Table$$Limit         0x1860          --   Gb  - Linker created -
SystemInit                   0x195d    0x8  Code  Gb  system_MKL46Z4.o [1]
__Vectors                       0x0          --   Gb  startup_MKL46Z4.o [1]
__Vectors_End                  0xc0         Data  Gb  startup_MKL46Z4.o [1]
__Vectors_Size {Abs}           0xc0          --   Gb  startup_MKL46Z4.o [1]
__aeabi_assert                 0xc1   0x24  Code  Gb  ABIassert.o [5]
__aeabi_cfcmple              0x1001         Code  Gb  FltCmpLe.o [3]
__aeabi_cfrcmple             0x1029         Code  Gb  FltCmpGe.o [3]
__aeabi_d2f                   0xf9d         Code  Gb  DblToFlt.o [3]
__aeabi_dadd                  0xdf5         Code  Gb  DblAddSub.o [3]
__aeabi_f2d                   0x279         Code  Gb  FltToDbl.o [3]
__aeabi_f2uiz                0x1541         Code  Gb  FltToU32.o [3]
__aeabi_fadd                 0x1377         Code  Gb  FltAddSub.o [3]
__aeabi_fdiv                 0x1497         Code  Gb  FltDiv.o [3]
__aeabi_fmul                 0x12c7         Code  Gb  FltMul.o [3]
__aeabi_fsub                 0x13e7         Code  Gb  FltAddSub.o [3]
__aeabi_idiv0                0x1675         Code  Gb  IntDivZer.o [4]
__aeabi_memclr4               0x125         Code  Gb  ABImemset.o [4]
__aeabi_memclr8               0x125         Code  Gb  ABImemset.o [4]
__aeabi_memset                0x105         Code  Gb  ABImemset.o [4]
__aeabi_uidiv                0x157b         Code  Gb  I32DivModFast.o [4]
__aeabi_uidivmod             0x157b         Code  Gb  I32DivModFast.o [4]
__cmain                      0x1861         Code  Gb  cmain.o [4]
__exit                         0xf1   0x14  Code  Gb  exit.o [5]
__iar_Memset4_word            0x129         Code  Gb  ABImemset.o [4]
__iar_Memset_word             0x111         Code  Gb  ABImemset.o [4]
__iar_data_init3             0x1805   0x28  Code  Gb  data_init.o [4]
__iar_program_start          0x1969         Code  Gb  cstartup_M.o [4]
__iar_zero_init3             0x17c9   0x3c  Code  Gb  zero_init3.o [4]
__low_level_init             0x187f    0x4  Code  Gb  low_level_init.o [2]
__vector_table                  0x0         Data  Gb  startup_MKL46Z4.o [1]
__vector_table_0x1c            0x1c         Data  Gb  startup_MKL46Z4.o [1]
_call_main                   0x186d         Code  Gb  cmain.o [4]
_exit                        0x188d         Code  Gb  cexit.o [4]
_main                        0x187b         Code  Gb  cmain.o [4]
abort                          0xe5    0xa  Code  Gb  abort.o [2]
exit                         0x1883    0x8  Code  Gb  exit.o [2]
i2cMaster               0x1fff'e000    0x8  Data  Gb  main.o [1]
indexKey                0x1fff'e008    0x1  Data  Lc  main.o [1]
main                          0x7dd  0x230  Code  Gb  main.o [1]
memset                       0x1567   0x14  Code  Gb  memset.o [4]
modeAutoSearch                0xb83   0x10  Code  Gb  stateMachine.o [1]
modeMain                      0xb79    0xa  Code  Gb  stateMachine.o [1]
modeMute                      0xbd1    0x8  Code  Gb  stateMachine.o [1]
modeRunFreqSelected           0xba7   0x10  Code  Gb  stateMachine.o [1]
modeSaveFreqCurrent           0xbb7   0x1a  Code  Gb  stateMachine.o [1]
modeSelectChannel             0xb9d    0xa  Code  Gb  stateMachine.o [1]
modeSetup                     0xb93    0xa  Code  Gb  stateMachine.o [1]
pause                        0x10b5   0x10  Code  Lc  HAL_i2c.o [1]
scanFrequency                 0xb01   0x6c  Code  Gb  tea5767.o [1]
setFrequency                  0xaa9   0x58  Code  Gb  tea5767.o [1]
updateClock_8MHz              0x159   0x4c  Code  Gb  clock.o [1]


[1] = F:\Embeded Study\HungBX_MCP_MOCK\project\Debug\Obj
[2] = dl6M_tln.a
[3] = m6M_tl.a
[4] = rt6M_tl.a
[5] = shb_l.a

  5'726 bytes of readonly  code memory
    560 bytes of readonly  data memory
  2'057 bytes of readwrite data memory

Errors: none
Warnings: none
